
> quotation_system_new@0.1.0 build
> next build

   ??Next.js 15.0.3
   - Environments: .env

   Creating an optimized production build ...
 ??Compiled successfully
   Linting and checking validity of types ...
node.exe : Failed to compile.
位於 線路:1 字元:1
+ & "C:\Program Files\nodejs/node.exe" "C:\Program Files\nodejs/node_mo 
...
+ ~~~~~~~~~~~~~~~~~~~~~~~~~~~~~~~~~~~~~~~~~~~~~~~~~~~~~~~~~~~~~~~~~~~~~
    + CategoryInfo          : NotSpecified: (Failed to compile.:String) 
    [], RemoteException
    + FullyQualifiedErrorId : NativeCommandError
 

./src/actions/client.ts:3:24
Type error: Cannot find module '@/lib/prisma' or its corresponding type 
declarations.

[0m [90m 1 |[39m [32m'use server'[39m[33m;[39m[0m
[0m [90m 2 |[39m[0m
[0m[31m[1m>[22m[39m[90m 3 |[39m [36mimport[39m { prisma } [36m
from[39m [32m'@/lib/prisma'[39m[33m;[39m[0m
[0m [90m   |[39m                        [31m[1m^[22m[39m[0m
[0m [90m 4 |[39m [36mimport[39m { revalidatePath } [36mfrom[39m 
[32m'next/cache'[39m[33m;[39m[0m
[0m [90m 5 |[39m[0m
[0m [90m 6 |[39m [36mexport[39m [36masync[39m [36mfunction[39m 
getClients() {[0m
